
Анастасия@DESKTOP-45IFV4R MINGW64 /e/MamaDataScientist/R1
$ git status
fatal: not a git repository (or any of the parent directories): .git

Анастасия@DESKTOP-45IFV4R MINGW64 /e/MamaDataScientist/R1
$ git init
Initialized empty Git repository in E:/MamaDataScientist/R1/.git/

Анастасия@DESKTOP-45IFV4R MINGW64 /e/MamaDataScientist/R1 (master)
$ git status
On branch master

No commits yet

Untracked files:
  (use "git add <file>..." to include in what will be committed)
        Test.txt

nothing added to commit but untracked files present (use "git add" to track)

Анастасия@DESKTOP-45IFV4R MINGW64 /e/MamaDataScientist/R1 (master)
$ git add test.txt

Анастасия@DESKTOP-45IFV4R MINGW64 /e/MamaDataScientist/R1 (master)
$ git status
On branch master

No commits yet

Untracked files:
  (use "git add <file>..." to include in what will be committed)
        Test.txt

nothing added to commit but untracked files present (use "git add" to track)

Анастасия@DESKTOP-45IFV4R MINGW64 /e/MamaDataScientist/R1 (master)
$ git add Test.txt

Анастасия@DESKTOP-45IFV4R MINGW64 /e/MamaDataScientist/R1 (master)
$ git status
On branch master

No commits yet

Changes to be committed:
  (use "git rm --cached <file>..." to unstage)
        new file:   Test.txt


Анастасия@DESKTOP-45IFV4R MINGW64 /e/MamaDataScientist/R1 (master)
$ git commit -m "my first commit@"

*** Please tell me who you are.

Run

  git config --global user.email "you@example.com"
  git config --global user.name "Your Name"

to set your account's default identity.
Omit --global to set the identity only in this repository.

fatal: unable to auto-detect email address (got 'Анастасия@DESKTOP-45IFV4R.(none
)')

Анастасия@DESKTOP-45IFV4R MINGW64 /e/MamaDataScientist/R1 (master)
$  git config --global user.email "vera.putintseva1980@yandex.ru"

Анастасия@DESKTOP-45IFV4R MINGW64 /e/MamaDataScientist/R1 (master)
$ git config --global user.name "PutintsevaVera"

Анастасия@DESKTOP-45IFV4R MINGW64 /e/MamaDataScientist/R1 (master)
$  git commit -m "my first commit@"
[master (root-commit) 12e212d] my first commit@
 1 file changed, 1 insertion(+)
 create mode 100644 Test.txt

Анастасия@DESKTOP-45IFV4R MINGW64 /e/MamaDataScientist/R1 (master)
$ git status
On branch master
nothing to commit, working tree clean

Анастасия@DESKTOP-45IFV4R MINGW64 /e/MamaDataScientist/R1 (master)
$ git remote add origin https://github.com/PutintsevaVera/R1.git

Анастасия@DESKTOP-45IFV4R MINGW64 /e/MamaDataScientist/R1 (master)
$ git remote -v
origin  https://github.com/PutintsevaVera/R1.git (fetch)
origin  https://github.com/PutintsevaVera/R1.git (push)

Анастасия@DESKTOP-45IFV4R MINGW64 /e/MamaDataScientist/R1 (master)
$ git push origin master
Enumerating objects: 3, done.
Counting objects: 100% (3/3), done.
Writing objects: 100% (3/3), 229 bytes | 229.00 KiB/s, done.
Total 3 (delta 0), reused 0 (delta 0), pack-reused 0
To https://github.com/PutintsevaVera/R1.git
 * [new branch]      master -> master

